### k-corrections: DEEP BRI ###
+0.914720 +0.651905 +0.146177
+0.812483 +0.310862 -0.246056
+2.138424 +1.774332 +1.327768
+1.038617 +0.744096 +0.189650
+3.920245 +2.525232 +1.697521
-0.271478 +0.876878 +1.078303
-0.007348 +0.462779 +0.401534
+0.169872 +1.005893 +0.848081
-0.390317 -0.167881 +0.127659
+1.216219 +0.580401 +0.078876

### absolute magnitudes: DEEP BRI ###
-21.2052 -21.6914 -21.8587
-19.3553 -19.6437 -19.7168
-21.1492 -22.0811 -22.4655
-20.2136 -20.7201 -20.8927
-22.1403 -23.3413 -23.7836
-19.5743 -20.6177 -21.1371
-21.0239 -21.5961 -21.8588
-19.0020 -20.0110 -20.4952
-17.1631 -17.3665 -17.7081
-19.9731 -20.3753 -20.5038

### k-corrections: DEEP BRI band-shifted to z=1 ###
-0.762833 -0.748914 -0.738288
-0.762894 -0.753150 -0.789595
-0.664695 -0.541351 -0.341209
-0.763494 -0.748957 -0.728969
-0.696778 -0.509272 -0.436032
-0.825495 -0.789694 -0.689832
-0.848051 -0.782977 -0.617951
-0.650186 -0.782598 -0.884224
-0.238430 -0.508308 -0.431648
-0.740974 -0.741275 -0.670759

### absolute magnitudes: DEEP BRI band-shifted to z=1 ###
-19.5276 -20.2906 -20.9742
-17.7800 -18.5797 -19.1733
-18.3460 -19.7654 -20.7965
-18.4115 -19.2271 -19.9741
-17.5233 -20.3068 -21.6501
-19.0203 -18.9511 -19.3690
-20.1832 -20.3503 -20.8393
-18.1819 -18.2225 -18.7629
-17.3150 -17.0261 -17.1487
-18.0159 -19.0536 -19.7541

### k-corrections: NUB (IDL default) ###
-0.692655 -0.541377 -0.555010
-0.673314 -0.576753 -0.646636
-0.520448 -0.212312 -0.057172
-0.690055 -0.512592 -0.536579
-0.408013 -0.085099 -0.043284
-0.844229 -0.666840 -0.513597
-0.848206 -0.630640 -0.465148
-0.663726 -0.620860 -0.682486
-0.260737 -0.473638 -0.420596
-0.616628 -0.528817 -0.498211

### absolute magnitudes: NUB (IDL default) ###
-19.5978 -20.4981 -21.1575
-17.8695 -18.7561 -19.3162
-18.4903 -20.0944 -21.0806
-18.4850 -19.4634 -20.1664
-17.8121 -20.7310 -22.0428
-19.0016 -19.0740 -19.5452
-20.1831 -20.5026 -20.9921
-18.1684 -18.3842 -18.9646
-17.2927 -17.0608 -17.1598
-18.1403 -19.2661 -19.9267

### absolute magnitudes: Bessell UBVRI on Vega scale ###
-21.2920 -21.0675 -21.4880 -21.8776 -22.3035
-19.5498 -19.2263 -19.5258 -19.8364 -20.1699
-20.8883 -20.9906 -21.6928 -22.2583 -22.8920
-20.2573 -20.0765 -20.4998 -20.9027 -21.3349
-21.5249 -21.9528 -22.8950 -23.5199 -24.2095
-19.8686 -19.4551 -20.0964 -20.7833 -21.5474
-21.2965 -20.9022 -21.3072 -21.7710 -22.2896
-19.1781 -18.8746 -19.5212 -20.1777 -20.9088
-17.9108 -17.0483 -17.1579 -17.5885 -18.1070
-20.0599 -19.8367 -20.2108 -20.5651 -20.9523

### apparent magnitude SDSS ugriz if at z = 0.1 ###
+17.1768 +16.3375 +15.9351 +15.6949 +15.5741
+18.8810 +18.1730 +17.9092 +17.7616 +17.7158
+17.7300 +16.4349 +15.7003 +15.2813 +14.9712
+18.2438 +17.3304 +16.9236 +16.6567 +16.5408
+17.2364 +15.4888 +14.4814 +14.0233 +13.6522
+18.4939 +17.9384 +17.2847 +16.7121 +16.3042
+17.1030 +16.4891 +16.1111 +15.7596 +15.5769
+19.2305 +18.5263 +17.8641 +17.3244 +16.9451
+20.3503 +20.2981 +20.2784 +19.9074 +19.7511
+18.4143 +17.5693 +17.2172 +17.0216 +16.9292

