redefining CTRL-D!!!!
redefining CTRL-K!!!!
  K_PROJECTION_TABLE: Creating rmatrix ...
  K_PROJECTION_TABLE: Done.
MRDFITS: Image array (5)  Type=Real*4
MRDFITS: Image array (5)  Type=Real*4
MRDFITS: Image array (5)  Type=Real*4
MRDFITS: Image array (5)  Type=Real*4
MRDFITS: Image array (5)  Type=Real*4
   K_READ_BASEL: 1 block(s) of spectra
    K_PROJECTION_TABLE: Creating rmatrix ...
    K_PROJECTION_TABLE: Done.
### k-corrections: SDSS ugriz ###
     0.238001     0.246573    0.0868333    0.0537998    0.0206644
     0.448305     0.446345     0.163623    0.0800017    0.0477281
     0.422750     0.373765     0.140260    0.0678796    0.0376901
     0.349963     0.271423     0.129958    0.0636063    0.0557124
     0.593746     0.521070     0.191316     0.112123    0.0695031
     0.160249     0.122534    0.0765692   -0.0852810   -0.0124663
    0.0705371     0.254232     0.120769    0.0510130    0.0252052
     0.190085     0.155164    0.0848075  -0.00452997    0.0287303
     0.303930     0.303014     0.121744    0.0233393    0.0182140
     0.501029     0.431245     0.153409    0.0811040    0.0411358

### absolute magnitudes: SDSS ugriz ###
     -17.8562     -19.3780     -20.0682     -20.3182     -20.6951
     -18.7807     -20.2520     -20.9833     -21.3146     -21.5533
     -18.1075     -19.7429     -20.4684     -20.7840     -21.0708
     -18.0770     -19.7646     -20.5211     -20.9268     -21.1279
     -18.7158     -20.2455     -21.0488     -21.3866     -21.7039
     -18.9377     -19.9610     -20.4471     -20.5872     -20.6340
     -19.8025     -20.6192     -21.2588     -21.5330     -21.6702
     -18.5498     -19.8049     -20.3985     -20.6732     -20.9134
     -19.3934     -20.7125     -21.3012     -21.5378     -21.7987
     -18.8804     -20.6038     -21.3460     -21.6727     -21.9127

  K_PROJECTION_TABLE: Creating rmatrix ...
  K_PROJECTION_TABLE: Done.
MRDFITS: Image array (5)  Type=Real*4
MRDFITS: Image array (5)  Type=Real*4
MRDFITS: Image array (5)  Type=Real*4
MRDFITS: Image array (5)  Type=Real*4
MRDFITS: Image array (5)  Type=Real*4
   K_READ_BASEL: 1 block(s) of spectra
    K_PROJECTION_TABLE: Creating rmatrix ...
    K_PROJECTION_TABLE: Done.
### k-corrections: SDSS ugriz band-shifted to z=0.1 ###
    -0.106191    -0.106687    -0.105546    -0.104767    -0.103897
    0.0502219    0.0623580   -0.0482323   -0.0795294   -0.0907905
   -0.0157934   -0.0162084   -0.0719880   -0.0916021    -0.100358
    -0.114757    -0.120002    -0.108146    -0.103479    -0.109119
     0.136906     0.104537   -0.0297006   -0.0704698   -0.0810336
    -0.116111    -0.127032    -0.106533    -0.114347    -0.100545
   -0.0906515   -0.0339719   -0.0732857   -0.0770901    -0.100614
    -0.127743    -0.146408    -0.118340    -0.120626    -0.102926
   -0.0297022  -0.00437116   -0.0734771   -0.0852673    -0.100407
    0.0449000    0.0321216   -0.0582111   -0.0801153   -0.0952466

### absolute magnitudes: SDSS ugriz band-shifted to z=0.1 ###
     -17.5120     -19.0247     -19.8759     -20.1596     -20.5705
     -18.3826     -19.8680     -20.7714     -21.1551     -21.4148
     -17.6690     -19.3530     -20.2562     -20.6246     -20.9328
     -17.6123     -19.3732     -20.2830     -20.7597     -20.9630
     -18.2589     -19.8290     -20.8278     -21.2040     -21.5534
     -18.6614     -19.7115     -20.2640     -20.5581     -20.5459
     -19.6414     -20.3310     -21.0647     -21.4049     -21.5444
     -18.2319     -19.5033     -20.1954     -20.5571     -20.7818
     -19.0598     -20.4051     -21.1060     -21.4292     -21.6801
     -18.4243     -20.2047     -21.1343     -21.5114     -21.7763

 K_PROJECTION_TABLE: Creating rmatrix ...
 K_PROJECTION_TABLE: Done.
MRDFITS: Image array (5)  Type=Real*4
MRDFITS: Image array (5)  Type=Real*4
MRDFITS: Image array (5)  Type=Real*4
MRDFITS: Image array (5)  Type=Real*4
MRDFITS: Image array (5)  Type=Real*4
  K_READ_BASEL: 1 block(s) of spectra
   K_PROJECTION_TABLE: Creating rmatrix ...
   K_PROJECTION_TABLE: Done.
 K_PROJECTION_TABLE: Creating rmatrix ...
 K_PROJECTION_TABLE: Done.
 K_PROJECTION_TABLE: Creating rmatrix ...
 K_PROJECTION_TABLE: Done.
### absolute magnitudes: Bessell UBVRI ###
     -17.9108     -19.1082     -19.8106     -20.0844     -20.5518
     -18.8423     -19.9545     -20.7026     -21.0697     -21.3941
     -18.1735     -19.4416     -20.1872     -20.5393     -20.9122
     -18.1572     -19.4625     -20.2110     -20.6593     -20.9386
     -18.7754     -19.9215     -20.7529     -21.1182     -21.5310
     -19.0117     -19.7773     -20.2247     -20.4615     -20.5321
     -19.8395     -20.3913     -21.0058     -21.3202     -21.5253
     -18.6210     -19.5790     -20.1394     -20.4644     -20.7620
     -19.4646     -20.4818     -21.0512     -21.3412     -21.6622
     -18.9453     -20.2945     -21.0646     -21.4274     -21.7559

 K_PROJECTION_TABLE: Creating rmatrix ...
 K_PROJECTION_TABLE: Done.
### absolute magnitudes: Bessell UBVRI band-shifted to z=0.1 ###
     -17.5395     -18.6258     -19.5942     -19.9059     -20.4046
     -18.4162     -19.4373     -20.4759     -20.8801     -21.2382
     -17.7064     -18.9097     -19.9574     -20.3494     -20.7565
     -17.6513     -18.9353     -19.9729     -20.4526     -20.7659
     -18.2995     -19.3548     -20.5019     -20.9129     -21.3595
     -18.6802     -19.4326     -20.1091     -20.3433     -20.4586
     -19.6540     -20.0512     -20.8435     -21.1545     -21.3895
     -18.2550     -19.1681     -19.9612     -20.2994     -20.6293
     -19.0844     -20.0598     -20.8749     -21.1835     -21.5389
     -18.4640     -19.7489     -20.8315     -21.2370     -21.6002

 K_PROJECTION_TABLE: Creating rmatrix ...
 K_PROJECTION_TABLE: Done.
### apparent magnitudes: DEEP BRI ###
      18.7769      17.4171      17.0696
      18.9751      17.4161      17.0208
      19.0546      17.5371      17.1546
      18.3756      16.9047      16.4673
      19.2621      17.4632      17.0390
      17.6029      16.7316      16.5704
      18.0126      16.8774      16.5250
      17.7667      16.6793      16.3877
      18.1314      16.9557      16.6183
      18.4617      16.8714      16.4861

 K_READ_BASEL: 1 block(s) of spectra
  K_PROJECTION_TABLE: Creating rmatrix ...
  K_PROJECTION_TABLE: Done.
### apparent magnitudes: DEEP BRI on Vega scale ###
      18.8895      17.1766      16.6118
      19.0877      17.1756      16.5629
      19.1672      17.2966      16.6968
      18.4882      16.6642      16.0095
      19.3747      17.2227      16.5811
      17.7156      16.4911      16.1126
      18.1252      16.6369      16.0672
      17.8794      16.4388      15.9299
      18.2441      16.7152      16.1605
      18.5743      16.6309      16.0283

 K_PROJECTION_TABLE: Creating rmatrix ...
 K_PROJECTION_TABLE: Done.
### apparent magnitudes: DEEP BRI if at z = 1 ###
      26.7772      24.8850      23.7996
      25.8787      24.1633      22.9705
      27.3529      24.7714      23.5014
      27.2428      24.7972      23.4690
      27.3943      24.3474      23.0337
      24.7591      23.9257      23.0191
      23.2545      23.0277      22.4085
      25.5878      24.2962      23.2754
      24.8748      23.4338      22.3828
      26.8808      23.9537      22.6526

