    -0.381880    -0.342148    -0.191399    -0.158157    -0.132817
    -0.381604    -0.342034    -0.190290    -0.157516    -0.131491
      1.00937      4.85163      10.4208      14.6136      19.3112
 K_READ_BASEL: 1 block(s) of spectra
      1.01043
    0.0861579
