[[-0.38402203 -0.33727303 -0.19066639 -0.15796432 -0.13370053]]
[[-0.38369489 -0.33704156 -0.18959799 -0.15726762 -0.13242315]]
[[  1.01076519   4.83495951  10.42286015  14.6204195   19.31377792]]
1.00770139694
